<html>
<body>
<pre>
<h1>µVision Build Log</h1>
<h2>Tool Versions:</h2>
IDE-Version: ¦ÌVision V5.36.0.0
Copyright (C) 2021 ARM Ltd and ARM Germany GmbH. All rights reserved.
License Information: Dunkle Administrator, Dunkle, LIC=585FJ-UHFSM-8TA3P-MZ82A-K6DJT-R1Q3B
 
Tool Versions:
Toolchain:       MDK-ARM Plus  Version: 5.36.0.0
Toolchain Path:  C:\Keil_v5\ARM\ARMCC\Bin
C Compiler:      Armcc.exe V5.06 update 7 (build 960)
Assembler:       Armasm.exe V5.06 update 7 (build 960)
Linker/Locator:  ArmLink.exe V5.06 update 7 (build 960)
Library Manager: ArmAr.exe V5.06 update 7 (build 960)
Hex Converter:   FromElf.exe V5.06 update 7 (build 960)
CPU DLL:         SARMCM3.DLL V5.36.0.0
Dialog DLL:      DARMCM1.DLL V1.19.4.0
Target DLL:      CMSIS_AGDI.dll V1.33.0.0
Dialog DLL:      TARMCM1.DLL V1.14.4.0
 
<h2>Project:</h2>
C:\Users\Administrator\Desktop\test\HC32_VoiceControlClock\app\MDK\HC32L130_Base.uvprojx
Project File Date:  12/30/2024

<h2>Output:</h2>
*** Using Compiler 'V5.06 update 7 (build 960)', folder: 'C:\Keil_v5\ARM\ARMCC\Bin'
*** Note: Rebuilding project, since 'Options->Output->Create Batch File' is selected.
Rebuild target 'Target 1'
compiling interrupts_hc32l13x.c...
compiling system_hc32l13x.c...
assembling startup_hc32l13x.s...
compiling main.c...
compiling spi.c...
compiling ddl.c...
compiling gpio.c...
compiling sysctrl.c...
compiling rtc.c...
compiling flash.c...
compiling bt.c...
compiling tm1652.c...
compiling uart.c...
compiling i2c.c...
compiling sht3x.c...
compiling ds3231.c...
compiling adt.c...
compiling adc.c...
compiling bgr.c...
compiling timer3.c...
compiling lpm.c...
compiling bsp_delay.c...
compiling bsp_gpio.c...
compiling bsp_flash.c...
compiling bsp_uart.c...
compiling bsp_pwm.c...
compiling bsp_adc.c...
compiling bsp_timer.c...
compiling segment.c...
compiling pama.c...
linking...
Program Size: Code=40100 RO-data=336 RW-data=148 ZI-data=588  
FromELF: creating hex file...
".\output\release\HC32L130_BaseV1.0" - 0 Error(s), 0 Warning(s).

<h2>Software Packages used:</h2>

Package Vendor: ARM
                http://www.keil.com/pack/ARM.CMSIS.5.8.0.pack
                ARM.CMSIS.5.8.0
                CMSIS (Common Microcontroller Software Interface Standard)
   * Component: CORE Version: 5.5.0

Package Vendor: HDSC
                https://raw.githubusercontent.com/hdscmcu/pack/master/HDSC.HC32L13x.1.1.0.pack
                HDSC.HC32L13x.1.1.0
                HC32L13x ARM Cortex-M0+ Device Family Pack

<h2>Collection of Component include folders:</h2>
  .\RTE\_Target_1
  C:\Users\Administrator\AppData\Local\Arm\Packs\ARM\CMSIS\5.8.0\CMSIS\Core\Include
  C:\Users\Administrator\AppData\Local\Arm\Packs\HDSC\HC32L13x\1.1.0\Device\Include

<h2>Collection of Component Files used:</h2>

   * Component: ARM::CMSIS:CORE:5.5.0
Build Time Elapsed:  00:00:06
</pre>
</body>
</html>
